Microchip MPLAB XC8 Compiler V1.38 ()

Linker command line:

-W-3 --edf=/Applications/microchip/xc8/v1.38/dat/en_msgs.txt -cs \
  -h+dist/default/production/Clase_20_-_HCSR04.X.production.sym \
  --cmf=dist/default/production/Clase_20_-_HCSR04.X.production.cmf -z \
  -Q16F1937 -o/tmp/xcmZI2DBj \
  -Mdist/default/production/Clase_20_-_HCSR04.X.production.map -E1 -ver=XC8 \
  -ASTACK=0206Bh-021efh -pstack=STACK -ACODE=00h-07FFhx4 \
  -ASTRCODE=00h-01FFFh -ASTRING=00h-0FFhx32 -ACONST=00h-0FFhx32 \
  -AENTRY=00h-0FFhx32 -ACOMMON=070h-07Fh -ABANK0=020h-06Fh \
  -ABANK1=0A0h-0EFh -ABANK2=0120h-016Fh -ABANK3=01A0h-01EFh \
  -ABANK4=0220h-026Fh -ABANK5=02A0h-02EFh -ABANK6=0320h-032Fh \
  -ABIGRAM=02000h-021EFh \
  -ARAM=020h-06Fh,0A0h-0EFh,0120h-016Fh,01A0h-01EFh,0220h-026Fh,02A0h-02EFh,0320h-032Fh \
  -AABS1=020h-07Fh,0A0h-0EFh,0120h-016Fh,01A0h-01EFh,0220h-026Fh,02A0h-02EFh,0320h-032Fh \
  -ASFR0=00h-01Fh -ASFR1=080h-09Fh -ASFR2=0100h-011Fh -ASFR3=0180h-019Fh \
  -ASFR4=0200h-021Fh -ASFR5=0280h-029Fh -ASFR6=0300h-031Fh \
  -ASFR7=0380h-03EFh -ASFR8=0400h-046Fh -ASFR9=0480h-04EFh \
  -ASFR10=0500h-056Fh -ASFR11=0580h-05EFh -ASFR12=0600h-066Fh \
  -ASFR13=0680h-06EFh -ASFR14=0700h-076Fh -ASFR15=0780h-07EFh \
  -ASFR16=0800h-086Fh -ASFR17=0880h-08EFh -ASFR18=0900h-096Fh \
  -ASFR19=0980h-09EFh -ASFR20=0A00h-0A6Fh -ASFR21=0A80h-0AEFh \
  -ASFR22=0B00h-0B6Fh -ASFR23=0B80h-0BEFh -ASFR24=0C00h-0C6Fh \
  -ASFR25=0C80h-0CEFh -ASFR26=0D00h-0D6Fh -ASFR27=0D80h-0DEFh \
  -ASFR28=0E00h-0E6Fh -ASFR29=0E80h-0EEFh -ASFR30=0F00h-0F6Fh \
  -ASFR31=0F80h-0FEFh -preset_vec=00h,intentry,init,end_init -ppowerup=CODE \
  -pcinit=CODE -pfunctab=CODE -ACONFIG=08007h-08008h -pconfig=CONFIG \
  -DCONFIG=2 -AIDLOC=08000h-08003h -pidloc=IDLOC -DIDLOC=2 \
  -AEEDATA=00h-0FFh/0F000h -peeprom_data=EEDATA -DEEDATA=2 -DCODE=2 \
  -DSTRCODE=2 -DSTRING=2 -DCONST=2 -DENTRY=2 -k /tmp/xc9lFDlOn.obj \
  dist/default/production/Clase_20_-_HCSR04.X.production.obj 

Object code version is 3.11

Machine type is 16F1937



                Name                               Link     Load   Length Selector   Space Scale
/tmp/xc9lFDlOn.obj
                end_init                              2        2        2        0       0
                reset_vec                             0        0        2        0       0
                config                             8007     8007        2    1000E       0
dist/default/production/Clase_20_-_HCSR04.X.production.obj
                cinit                               7FD      7FD        3      FFA       0
                text27                             1653     1653        B     2CA6       0
                text26                             1634     1634        6     2C68       0
                text25                             169D     169D       27     2D3A       0
                text24                             164A     164A        9     2C94       0
                text23                               20       20       64       40       0
                text22                              8DD      8DD       A9     11BA       0
                text21                             166C     166C       13     2CD8       0
                text20                             16EC     16EC       3B     2DD8       0
                text19                             163A     163A        8     2C74       0
                text18                              BA9      BA9       F6     1752       0
                text17                             167F     167F       1E     2CFE       0
                text16                              856      856       87     10AC       0
                text15                             17AE     17AE       52     2F5C       0
                text14                             1727     1727       42     2E4E       0
                text13                             16C4     16C4       28     2D88       0
                text12                              C9F      C9F      11D     193E       0
                text11                              A3A      A3A       B6     1474       0
                text10                              804      804       52     1008       0
                text9                              1769     1769       45     2ED2       0
                text8                               986      986       B4     130C       0
                text7                                 4        4       1C        0       0
                text6                                84       84      165      108       0
                text5                              165E     165E        E     2CBC       0
                text4                              1642     1642        8     2C84       0
                text3                              162F     162F        5     2C5E       0
                text2                               DBC      DBC      244     1B78       0
                text1                               1E9      1E9      614      3D2       0
                maintext                            AF0      AF0       B9     15E0       0
                cstackBANK0                          20       20       4D       20       1
                cstackCOMMON                         70       70        E       70       1
                cstackBANK1                          A0       A0       1B       A0       1
                stringtext                         1000     1000       90     2000       0

TOTAL           Name                               Link     Load   Length     Space
        CLASS   STACK          

        CLASS   CODE           
                end_init                              2        2        2         0
                cinit                               7FD      7FD        3         0
                reset_vec                             0        0        2         0
                text27                             1653     1653        B         0
                text26                             1634     1634        6         0
                text25                             169D     169D       27         0
                text24                             164A     164A        9         0
                text23                               20       20       64         0
                text22                              8DD      8DD       A9         0
                text21                             166C     166C       13         0
                text20                             16EC     16EC       3B         0
                text19                             163A     163A        8         0
                text18                              BA9      BA9       F6         0
                text17                             167F     167F       1E         0
                text16                              856      856       87         0
                text15                             17AE     17AE       52         0
                text14                             1727     1727       42         0
                text13                             16C4     16C4       28         0
                text12                              C9F      C9F      11D         0
                text11                              A3A      A3A       B6         0
                text10                              804      804       52         0
                text9                              1769     1769       45         0
                text8                               986      986       B4         0
                text7                                 4        4       1C         0
                text6                                84       84      165         0
                text5                              165E     165E        E         0
                text4                              1642     1642        8         0
                text3                              162F     162F        5         0
                text2                               DBC      DBC      244         0
                text1                               1E9      1E9      614         0
                maintext                            AF0      AF0       B9         0

        CLASS   STRCODE        
                stringtext                         1000     1000       90         0

        CLASS   STRING         

        CLASS   CONST          

        CLASS   ENTRY          

        CLASS   COMMON         
                cstackCOMMON                         70       70        E         1

        CLASS   BANK0          
                cstackBANK0                          20       20       4D         1

        CLASS   BANK1          
                cstackBANK1                          A0       A0       1B         1

        CLASS   BANK2          

        CLASS   BANK3          

        CLASS   BANK4          

        CLASS   BANK5          

        CLASS   BANK6          

        CLASS   BIGRAM         

        CLASS   RAM            

        CLASS   ABS1           
                abs_s1                               7E       7E        2         1

        CLASS   SFR0           

        CLASS   SFR1           

        CLASS   SFR2           

        CLASS   SFR3           

        CLASS   SFR4           

        CLASS   SFR5           

        CLASS   SFR6           

        CLASS   SFR7           

        CLASS   SFR8           

        CLASS   SFR9           

        CLASS   SFR10          

        CLASS   SFR11          

        CLASS   SFR12          

        CLASS   SFR13          

        CLASS   SFR14          

        CLASS   SFR15          

        CLASS   SFR16          

        CLASS   SFR17          

        CLASS   SFR18          

        CLASS   SFR19          

        CLASS   SFR20          

        CLASS   SFR21          

        CLASS   SFR22          

        CLASS   SFR23          

        CLASS   SFR24          

        CLASS   SFR25          

        CLASS   SFR26          

        CLASS   SFR27          

        CLASS   SFR28          

        CLASS   SFR29          

        CLASS   SFR30          

        CLASS   SFR31          

        CLASS   CONFIG         
                config                             8007     8007        2         0

        CLASS   IDLOC          

        CLASS   EEDATA         

        CLASS   BANK31         

        CLASS   BANK30         

        CLASS   BANK29         

        CLASS   BANK28         

        CLASS   BANK27         

        CLASS   BANK26         

        CLASS   BANK25         

        CLASS   BANK24         

        CLASS   BANK23         

        CLASS   BANK22         

        CLASS   BANK21         

        CLASS   BANK20         

        CLASS   BANK19         

        CLASS   BANK18         

        CLASS   BANK17         

        CLASS   BANK16         

        CLASS   BANK15         

        CLASS   BANK14         

        CLASS   BANK13         

        CLASS   BANK12         

        CLASS   BANK11         

        CLASS   BANK10         

        CLASS   BANK9          

        CLASS   BANK8          

        CLASS   BANK7          



SEGMENTS        Name                           Load    Length   Top    Selector   Space  Class     Delta

                reset_vec                      000000  000020  000020         0       0  CODE        2
                cstackBANK0                    000020  00004D  00006D        20       1  BANK0       1
                text23                         000020  000064  000084        40       0  CODE        2
                cstackCOMMON                   000070  00000E  00007E        70       1  COMMON      1
                cstackBANK1                    0000A0  00001B  0000BB        A0       1  BANK1       1
                text6                          000084  000165  0001E9       108       0  CODE        2
                text1                          0001E9  000614  0007FD       3D2       0  CODE        2
                cinit                          0007FD  000003  000800       FFA       0  CODE        2
                text10                         000804  000052  000856      1008       0  CODE        2
                text16                         000856  000087  0008DD      10AC       0  CODE        2
                text22                         0008DD  0000A9  000986      11BA       0  CODE        2
                text8                          000986  0000B4  000A3A      130C       0  CODE        2
                text11                         000A3A  0000B6  000AF0      1474       0  CODE        2
                maintext                       000AF0  0000B9  000BA9      15E0       0  CODE        2
                text18                         000BA9  0000F6  000C9F      1752       0  CODE        2
                text12                         000C9F  00011D  000DBC      193E       0  CODE        2
                text2                          000DBC  000244  001000      1B78       0  CODE        2
                stringtext                     001000  000090  001090      2000       0  STRCODE     2
                text3                          00162F  000005  001634      2C5E       0  CODE        2
                text26                         001634  000006  00163A      2C68       0  CODE        2
                text19                         00163A  000008  001642      2C74       0  CODE        2
                text4                          001642  000008  00164A      2C84       0  CODE        2
                text24                         00164A  000009  001653      2C94       0  CODE        2
                text27                         001653  00000B  00165E      2CA6       0  CODE        2
                text5                          00165E  00000E  00166C      2CBC       0  CODE        2
                text21                         00166C  000013  00167F      2CD8       0  CODE        2
                text17                         00167F  00001E  00169D      2CFE       0  CODE        2
                text25                         00169D  000027  0016C4      2D3A       0  CODE        2
                text13                         0016C4  000028  0016EC      2D88       0  CODE        2
                text20                         0016EC  00003B  001727      2DD8       0  CODE        2
                text14                         001727  000042  001769      2E4E       0  CODE        2
                text9                          001769  000045  0017AE      2ED2       0  CODE        2
                text15                         0017AE  000052  001800      2F5C       0  CODE        2
                config                         008007  000002  008009     1000E       0  CONFIG      2


UNUSED ADDRESS RANGES

        Name                Unused          Largest block    Delta
        BANK0            0006D-0006F               3           1
        BANK1            000BB-000EF              35           1
        BANK2            00120-0016F              50           1
        BANK3            001A0-001EF              50           1
        BANK4            00220-0026F              50           1
        BANK5            002A0-002EF              50           1
        BANK6            00320-0032F              10           1
        BIGRAM           02000-021EF             1F0           1
        CODE             00800-00803               4           2
                         01090-0162E             59F
                         01800-01FFF             800
        CONST            00800-00803               4           2
                         01090-0162E             100
                         01800-01FFF             100
        EEDATA           0F000-0F0FF             100           2
        ENTRY            00800-00803               4           2
                         01090-0162E             100
                         01800-01FFF             100
        IDLOC            08000-08003               4           2
        RAM              0006D-0006F               3           1
                         000BB-000EF              35
                         00120-0016F              50
                         001A0-001EF              50
                         00220-0026F              50
                         002A0-002EF              50
                         00320-0032F              10
        SFR0             00000-0001F              20           1
        SFR1             00080-0009F              20           1
        SFR10            00500-0056F              70           1
        SFR11            00580-005EF              70           1
        SFR12            00600-0066F              70           1
        SFR13            00680-006EF              70           1
        SFR14            00700-0076F              70           1
        SFR15            00780-007EF              70           1
        SFR16            00800-0086F              70           1
        SFR17            00880-008EF              70           1
        SFR18            00900-0096F              70           1
        SFR19            00980-009EF              70           1
        SFR2             00100-0011F              20           1
        SFR20            00A00-00A6F              70           1
        SFR21            00A80-00AEF              70           1
        SFR22            00B00-00B6F              70           1
        SFR23            00B80-00BEF              70           1
        SFR24            00C00-00C6F              70           1
        SFR25            00C80-00CEF              70           1
        SFR26            00D00-00D6F              70           1
        SFR27            00D80-00DEF              70           1
        SFR28            00E00-00E6F              70           1
        SFR29            00E80-00EEF              70           1
        SFR3             00180-0019F              20           1
        SFR30            00F00-00F6F              70           1
        SFR31            00F80-00FEF              70           1
        SFR4             00200-0021F              20           1
        SFR5             00280-0029F              20           1
        SFR6             00300-0031F              20           1
        SFR7             00380-003EF              70           1
        SFR8             00400-0046F              70           1
        SFR9             00480-004EF              70           1
        STACK            0206B-021EF             185           1
        STRCODE          00800-00803               4           2
                         01090-0162E             59F
                         01800-01FFF             800
        STRING           00800-00803               4           2
                         01090-0162E             100
                         01800-01FFF             100

                                  Symbol Table

?___awdiv                        cstackCOMMON 00077
?___awmod                        cstackCOMMON 00070
?___ftadd                        cstackBANK0  00046
?___ftdiv                        cstackBANK0  00038
?___ftmul                        cstackBANK0  00028
?___ftneg                        cstackCOMMON 00070
?___ftpack                       cstackCOMMON 00070
?___ftsub                        cstackBANK0  00053
?___fttol                        cstackBANK0  00041
?___lldiv                        cstackCOMMON 00070
?___llmod                        cstackCOMMON 00070
?___lltoft                       cstackCOMMON 00078
?___lwtoft                       cstackCOMMON 00078
?___wmul                         cstackBANK0  00024
?__div_to_l_                     cstackCOMMON 00070
?__tdiv_to_l_                    cstackCOMMON 00070
?_fround                         cstackBANK0  00038
?_printf                         cstackBANK0  00059
?_scale                          cstackBANK0  00038
EUSART_Write@txData              cstackCOMMON 00070
_ANSELA                          (abs)        0018C
_ANSELB                          (abs)        0018D
_ANSELD                          (abs)        0018F
_ANSELE                          (abs)        00190
_APFCON                          (abs)        0011D
_BAUDCON                         (abs)        0019F
_EUSART_Initialize               text27       01653
_EUSART_Write                    text4        01642
_LATA                            (abs)        0010C
_LATB                            (abs)        0010D
_LATC                            (abs)        0010E
_LATCbits                        (abs)        0010E
_LATD                            (abs)        0010F
_LATDbits                        (abs)        0010F
_LATE                            (abs)        00110
_OPTION_REGbits                  (abs)        00095
_OSCCON                          (abs)        00099
_OSCILLATOR_Initialize           text26       01634
_OSCSTAT                         (abs)        0009A
_OSCTUNE                         (abs)        00098
_PIN_MANAGER_Initialize          text25       0169D
_PIR1bits                        (abs)        00011
_PORTCbits                       (abs)        0000E
_RCREG                           (abs)        00199
_RCSTA                           (abs)        0019D
_RCSTAbits                       (abs)        0019D
_SPBRGH                          (abs)        0019C
_SPBRGL                          (abs)        0019B
_SYSTEM_Initialize               text24       0164A
_T1CON                           (abs)        00018
_TMR1H                           (abs)        00017
_TMR1IF                          (abs)        00088
_TMR1L                           (abs)        00016
_TMR1ON                          (abs)        000C0
_TRISA                           (abs)        0008C
_TRISB                           (abs)        0008D
_TRISC                           (abs)        0008E
_TRISD                           (abs)        0008F
_TRISE                           (abs)        00090
_TXREG                           (abs)        0019A
_TXSTA                           (abs)        0019E
_WPUB                            (abs)        0020D
_WPUE                            (abs)        00210
__CFG_BOREN$ON                   (abs)        00000
__CFG_BORV$LO                    (abs)        00000
__CFG_CLKOUTEN$OFF               (abs)        00000
__CFG_CP$OFF                     (abs)        00000
__CFG_CPD$OFF                    (abs)        00000
__CFG_FCMEN$ON                   (abs)        00000
__CFG_FOSC$HS                    (abs)        00000
__CFG_IESO$ON                    (abs)        00000
__CFG_LVP$OFF                    (abs)        00000
__CFG_MCLRE$ON                   (abs)        00000
__CFG_PLLEN$OFF                  (abs)        00000
__CFG_PWRTE$OFF                  (abs)        00000
__CFG_STVREN$ON                  (abs)        00000
__CFG_VCAPEN$OFF                 (abs)        00000
__CFG_WDTE$OFF                   (abs)        00000
__CFG_WRT$OFF                    (abs)        00000
__Habs1                          abs1         00000
__Hbank0                         bank0        00000
__Hbank1                         bank1        00000
__Hbank10                        bank10       00000
__Hbank11                        bank11       00000
__Hbank12                        bank12       00000
__Hbank13                        bank13       00000
__Hbank14                        bank14       00000
__Hbank15                        bank15       00000
__Hbank16                        bank16       00000
__Hbank17                        bank17       00000
__Hbank18                        bank18       00000
__Hbank19                        bank19       00000
__Hbank2                         bank2        00000
__Hbank20                        bank20       00000
__Hbank21                        bank21       00000
__Hbank22                        bank22       00000
__Hbank23                        bank23       00000
__Hbank24                        bank24       00000
__Hbank25                        bank25       00000
__Hbank26                        bank26       00000
__Hbank27                        bank27       00000
__Hbank28                        bank28       00000
__Hbank29                        bank29       00000
__Hbank3                         bank3        00000
__Hbank30                        bank30       00000
__Hbank31                        bank31       00000
__Hbank4                         bank4        00000
__Hbank5                         bank5        00000
__Hbank6                         bank6        00000
__Hbank7                         bank7        00000
__Hbank8                         bank8        00000
__Hbank9                         bank9        00000
__Hbigram                        bigram       00000
__Hcinit                         cinit        00800
__Hclrtext                       clrtext      00000
__Hcode                          code         00000
__Hcommon                        common       00000
__Hconfig                        config       08009
__HcstackBANK0                   cstackBANK0  00000
__HcstackBANK1                   cstackBANK1  00000
__HcstackCOMMON                  cstackCOMMON 00000
__Heeprom_data                   eeprom_data  00000
__Hend_init                      end_init     00004
__Hfunctab                       functab      00000
__Hidloc                         idloc        00000
__Hinit                          init         00002
__Hintentry                      intentry     00002
__Hmaintext                      maintext     00000
__Hpowerup                       powerup      00000
__Hram                           ram          00000
__Hreset_vec                     reset_vec    00002
__Hsfr0                          sfr0         00000
__Hsfr1                          sfr1         00000
__Hsfr10                         sfr10        00000
__Hsfr11                         sfr11        00000
__Hsfr12                         sfr12        00000
__Hsfr13                         sfr13        00000
__Hsfr14                         sfr14        00000
__Hsfr15                         sfr15        00000
__Hsfr16                         sfr16        00000
__Hsfr17                         sfr17        00000
__Hsfr18                         sfr18        00000
__Hsfr19                         sfr19        00000
__Hsfr2                          sfr2         00000
__Hsfr20                         sfr20        00000
__Hsfr21                         sfr21        00000
__Hsfr22                         sfr22        00000
__Hsfr23                         sfr23        00000
__Hsfr24                         sfr24        00000
__Hsfr25                         sfr25        00000
__Hsfr26                         sfr26        00000
__Hsfr27                         sfr27        00000
__Hsfr28                         sfr28        00000
__Hsfr29                         sfr29        00000
__Hsfr3                          sfr3         00000
__Hsfr30                         sfr30        00000
__Hsfr31                         sfr31        00000
__Hsfr4                          sfr4         00000
__Hsfr5                          sfr5         00000
__Hsfr6                          sfr6         00000
__Hsfr7                          sfr7         00000
__Hsfr8                          sfr8         00000
__Hsfr9                          sfr9         00000
__Hspace_0                       (abs)        08009
__Hspace_1                       (abs)        000BB
__Hspace_2                       (abs)        00000
__Hspace_3                       (abs)        00000
__Hstack                         stack        00000
__Hstrings                       strings      00000
__Hstringtext                    stringtext   00000
__Htext                          text         00000
__Labs1                          abs1         00000
__Lbank0                         bank0        00000
__Lbank1                         bank1        00000
__Lbank10                        bank10       00000
__Lbank11                        bank11       00000
__Lbank12                        bank12       00000
__Lbank13                        bank13       00000
__Lbank14                        bank14       00000
__Lbank15                        bank15       00000
__Lbank16                        bank16       00000
__Lbank17                        bank17       00000
__Lbank18                        bank18       00000
__Lbank19                        bank19       00000
__Lbank2                         bank2        00000
__Lbank20                        bank20       00000
__Lbank21                        bank21       00000
__Lbank22                        bank22       00000
__Lbank23                        bank23       00000
__Lbank24                        bank24       00000
__Lbank25                        bank25       00000
__Lbank26                        bank26       00000
__Lbank27                        bank27       00000
__Lbank28                        bank28       00000
__Lbank29                        bank29       00000
__Lbank3                         bank3        00000
__Lbank30                        bank30       00000
__Lbank31                        bank31       00000
__Lbank4                         bank4        00000
__Lbank5                         bank5        00000
__Lbank6                         bank6        00000
__Lbank7                         bank7        00000
__Lbank8                         bank8        00000
__Lbank9                         bank9        00000
__Lbigram                        bigram       00000
__Lcinit                         cinit        007FD
__Lclrtext                       clrtext      00000
__Lcode                          code         00000
__Lcommon                        common       00000
__Lconfig                        config       08007
__LcstackBANK0                   cstackBANK0  00000
__LcstackBANK1                   cstackBANK1  00000
__LcstackCOMMON                  cstackCOMMON 00000
__Leeprom_data                   eeprom_data  00000
__Lend_init                      end_init     00002
__Lfunctab                       functab      00000
__Lidloc                         idloc        00000
__Linit                          init         00002
__Lintentry                      intentry     00002
__Lmaintext                      maintext     00000
__Lpowerup                       powerup      00000
__Lram                           ram          00000
__Lreset_vec                     reset_vec    00000
__Lsfr0                          sfr0         00000
__Lsfr1                          sfr1         00000
__Lsfr10                         sfr10        00000
__Lsfr11                         sfr11        00000
__Lsfr12                         sfr12        00000
__Lsfr13                         sfr13        00000
__Lsfr14                         sfr14        00000
__Lsfr15                         sfr15        00000
__Lsfr16                         sfr16        00000
__Lsfr17                         sfr17        00000
__Lsfr18                         sfr18        00000
__Lsfr19                         sfr19        00000
__Lsfr2                          sfr2         00000
__Lsfr20                         sfr20        00000
__Lsfr21                         sfr21        00000
__Lsfr22                         sfr22        00000
__Lsfr23                         sfr23        00000
__Lsfr24                         sfr24        00000
__Lsfr25                         sfr25        00000
__Lsfr26                         sfr26        00000
__Lsfr27                         sfr27        00000
__Lsfr28                         sfr28        00000
__Lsfr29                         sfr29        00000
__Lsfr3                          sfr3         00000
__Lsfr30                         sfr30        00000
__Lsfr31                         sfr31        00000
__Lsfr4                          sfr4         00000
__Lsfr5                          sfr5         00000
__Lsfr6                          sfr6         00000
__Lsfr7                          sfr7         00000
__Lsfr8                          sfr8         00000
__Lsfr9                          sfr9         00000
__Lspace_0                       (abs)        00000
__Lspace_1                       (abs)        00000
__Lspace_2                       (abs)        00000
__Lspace_3                       (abs)        00000
__Lstack                         stack        00000
__Lstrings                       strings      00000
__Lstringtext                    stringtext   00000
__Ltext                          text         00000
__S0                             (abs)        08009
__S1                             (abs)        000BB
__S2                             (abs)        00000
__S3                             (abs)        00000
___awdiv                         text10       00804
___awdiv@counter                 cstackBANK0  00020
___awdiv@dividend                cstackCOMMON 00079
___awdiv@divisor                 cstackCOMMON 00077
___awdiv@quotient                cstackBANK0  00022
___awdiv@sign                    cstackBANK0  00021
___awmod                         text9        01769
___awmod@counter                 cstackCOMMON 00075
___awmod@dividend                cstackCOMMON 00072
___awmod@divisor                 cstackCOMMON 00070
___awmod@sign                    cstackCOMMON 00076
___ftadd                         text18       00BA9
___ftadd@exp1                    cstackBANK0  00052
___ftadd@exp2                    cstackBANK0  00051
___ftadd@f1                      cstackBANK0  00046
___ftadd@f2                      cstackBANK0  00049
___ftadd@sign                    cstackBANK0  00050
___ftdiv                         text22       008DD
___ftdiv@cntr                    cstackBANK0  00042
___ftdiv@exp                     cstackBANK0  00046
___ftdiv@f1                      cstackBANK0  0003B
___ftdiv@f2                      cstackBANK0  00038
___ftdiv@f3                      cstackBANK0  00043
___ftdiv@sign                    cstackBANK0  00047
___ftge                          text20       016EC
___ftge@ff1                      cstackCOMMON 00070
___ftge@ff2                      cstackCOMMON 00073
___ftmul                         text8        00986
___ftmul@cntr                    cstackBANK0  00036
___ftmul@exp                     cstackBANK0  00032
___ftmul@f1                      cstackBANK0  00028
___ftmul@f2                      cstackBANK0  0002B
___ftmul@f3_as_product           cstackBANK0  00033
___ftmul@sign                    cstackBANK0  00037
___ftneg                         text19       0163A
___ftneg@f1                      cstackCOMMON 00070
___ftpack                        text23       00020
___ftpack@arg                    cstackCOMMON 00070
___ftpack@exp                    cstackCOMMON 00073
___ftpack@sign                   cstackCOMMON 00074
___ftsub                         text17       0167F
___ftsub@f1                      cstackBANK0  00056
___ftsub@f2                      cstackBANK0  00053
___fttol                         text16       00856
___fttol@exp1                    cstackBANK0  0004E
___fttol@f1                      cstackBANK0  00041
___fttol@lval                    cstackBANK0  0004A
___fttol@sign1                   cstackBANK0  00049
___int_sp                        stack        00000
___latbits                       (abs)        00002
___lldiv                         text15       017AE
___lldiv@counter                 cstackCOMMON 0007D
___lldiv@dividend                cstackCOMMON 00074
___lldiv@divisor                 cstackCOMMON 00070
___lldiv@quotient                cstackCOMMON 00079
___llmod                         text14       01727
___llmod@counter                 cstackCOMMON 00079
___llmod@dividend                cstackCOMMON 00074
___llmod@divisor                 cstackCOMMON 00070
___lltoft                        text13       016C4
___lltoft@c                      cstackCOMMON 00078
___lltoft@exp                    cstackCOMMON 0007D
___lwtoft                        text21       0166C
___lwtoft@c                      cstackCOMMON 00078
___sp                            stack        00000
___wmul                          text7        00004
___wmul@multiplicand             cstackBANK0  00026
___wmul@multiplier               cstackBANK0  00024
___wmul@product                  cstackCOMMON 0007C
__div_to_l_                      text12       00C9F
__div_to_l_@cntr                 cstackBANK0  00024
__div_to_l_@exp1                 cstackBANK0  00025
__div_to_l_@f1                   cstackCOMMON 00070
__div_to_l_@f2                   cstackCOMMON 00073
__div_to_l_@quot                 cstackBANK0  00020
__end_of_EUSART_Initialize       text27       0165E
__end_of_EUSART_Write            text4        0164A
__end_of_OSCILLATOR_Initialize   text26       0163A
__end_of_PIN_MANAGER_Initialize  text25       016C4
__end_of_SYSTEM_Initialize       text24       01653
__end_of___awdiv                 text10       00856
__end_of___awmod                 text9        017AE
__end_of___ftadd                 text18       00C9F
__end_of___ftdiv                 text22       00986
__end_of___ftge                  text20       01727
__end_of___ftmul                 text8        00A3A
__end_of___ftneg                 text19       01642
__end_of___ftpack                text23       00084
__end_of___ftsub                 text17       0169D
__end_of___fttol                 text16       008DD
__end_of___lldiv                 text15       01800
__end_of___llmod                 text14       01769
__end_of___lltoft                text13       016EC
__end_of___lwtoft                text21       0167F
__end_of___wmul                  text7        00020
__end_of__div_to_l_              text12       00DBC
__end_of__initialization         cinit        007FD
__end_of__npowers_               stringtext   0104F
__end_of__powers_                stringtext   01076
__end_of__tdiv_to_l_             text11       00AF0
__end_of_dpowers                 stringtext   01028
__end_of_fround                  text6        001E9
__end_of_isdigit                 text5        0166C
__end_of_main                    maintext     00BA9
__end_of_printf                  text1        007FD
__end_of_putch                   text3        01634
__end_of_scale                   text2        01000
__initialization                 cinit        007FD
__npowers_                       stringtext   01028
__pcstackBANK0                   cstackBANK0  00020
__pcstackBANK1                   cstackBANK1  000A0
__pcstackCOMMON                  cstackCOMMON 00070
__pmaintext                      maintext     00AF0
__powers_                        stringtext   0104F
__pstringtext                    stringtext   01000
__ptext1                         text1        001E9
__ptext10                        text10       00804
__ptext11                        text11       00A3A
__ptext12                        text12       00C9F
__ptext13                        text13       016C4
__ptext14                        text14       01727
__ptext15                        text15       017AE
__ptext16                        text16       00856
__ptext17                        text17       0167F
__ptext18                        text18       00BA9
__ptext19                        text19       0163A
__ptext2                         text2        00DBC
__ptext20                        text20       016EC
__ptext21                        text21       0166C
__ptext22                        text22       008DD
__ptext23                        text23       00020
__ptext24                        text24       0164A
__ptext25                        text25       0169D
__ptext26                        text26       01634
__ptext27                        text27       01653
__ptext3                         text3        0162F
__ptext4                         text4        01642
__ptext5                         text5        0165E
__ptext6                         text6        00084
__ptext7                         text7        00004
__ptext8                         text8        00986
__ptext9                         text9        01769
__size_of_EUSART_Initialize      (abs)        00000
__size_of_EUSART_Write           (abs)        00000
__size_of_OSCILLATOR_Initialize  (abs)        00000
__size_of_PIN_MANAGER_Initialize (abs)        00000
__size_of_SYSTEM_Initialize      (abs)        00000
__size_of___awdiv                (abs)        00000
__size_of___awmod                (abs)        00000
__size_of___ftadd                (abs)        00000
__size_of___ftdiv                (abs)        00000
__size_of___ftge                 (abs)        00000
__size_of___ftmul                (abs)        00000
__size_of___ftneg                (abs)        00000
__size_of___ftpack               (abs)        00000
__size_of___ftsub                (abs)        00000
__size_of___fttol                (abs)        00000
__size_of___lldiv                (abs)        00000
__size_of___llmod                (abs)        00000
__size_of___lltoft               (abs)        00000
__size_of___lwtoft               (abs)        00000
__size_of___wmul                 (abs)        00000
__size_of__div_to_l_             (abs)        00000
__size_of__tdiv_to_l_            (abs)        00000
__size_of_fround                 (abs)        00000
__size_of_isdigit                (abs)        00000
__size_of_main                   (abs)        00000
__size_of_printf                 (abs)        00000
__size_of_putch                  (abs)        00000
__size_of_scale                  (abs)        00000
__tdiv_to_l_                     text11       00A3A
__tdiv_to_l_@cntr                cstackBANK0  00024
__tdiv_to_l_@exp1                cstackBANK0  00025
__tdiv_to_l_@f1                  cstackCOMMON 00070
__tdiv_to_l_@f2                  cstackCOMMON 00073
__tdiv_to_l_@quot                cstackBANK0  00020
_dpowers                         stringtext   01000
_fround                          text6        00084
_fround$752                      cstackBANK0  00042
_fround$753                      cstackBANK0  0003F
_isdigit                         text5        0165E
_isdigit$537                     cstackCOMMON 00070
_main                            maintext     00AF0
_printf                          text1        001E9
_printf$755                      cstackBANK1  000A0
_putch                           text3        0162F
_scale                           text2        00DBC
_scale$754                       cstackBANK0  0003D
btemp                            (abs)        0007E
end_of_initialization            cinit        007FD
fround@prec                      cstackBANK0  00045
intlevel0                        functab      00000
intlevel1                        functab      00000
intlevel2                        functab      00000
intlevel3                        functab      00000
intlevel4                        functab      00000
intlevel5                        functab      00000
isdigit@c                        cstackCOMMON 00071
ltemp                            (abs)        0007E
ltemp0                           (abs)        0007E
ltemp1                           (abs)        00082
ltemp2                           (abs)        00086
ltemp3                           (abs)        00080
main@conteo                      cstackBANK0  00068
main@distancia                   cstackBANK0  0006A
main@escape                      cstackBANK0  00067
printf@ap                        cstackBANK1  000A4
printf@c                         cstackBANK1  000BA
printf@cp                        cstackBANK1  000A3
printf@exp                       cstackBANK1  000B1
printf@f                         cstackBANK0  00059
printf@flag                      cstackBANK1  000AB
printf@fval                      cstackBANK1  000B5
printf@len                       cstackBANK1  000A5
printf@prec                      cstackBANK1  000B8
printf@tmpval                    cstackBANK1  000AD
printf@val                       cstackBANK1  000A7
printf@width                     cstackBANK1  000B3
putch@txData                     cstackCOMMON 00071
reset_vec                        reset_vec    00000
scale@scl                        cstackBANK0  00040
stackhi                          (abs)        021EF
stacklo                          (abs)        0206B
start                            init         00002
start_initialization             cinit        007FD
ttemp                            (abs)        0007E
ttemp0                           (abs)        0007E
ttemp1                           (abs)        00081
ttemp2                           (abs)        00084
ttemp3                           (abs)        00087
ttemp4                           (abs)        0007F
wtemp                            (abs)        0007E
wtemp0                           (abs)        0007E
wtemp1                           (abs)        00080
wtemp2                           (abs)        00082
wtemp3                           (abs)        00084
wtemp4                           (abs)        00086
wtemp5                           (abs)        00088
wtemp6                           (abs)        0007F


FUNCTION INFORMATION:

 *************** function _main *****************
 Defined at:
		line 51 in file "main.c"
 Parameters:    Size  Location     Type
		None
 Auto vars:     Size  Location     Type
  distancia       3   74[BANK0 ] float 
  conteo          2   72[BANK0 ] unsigned int 
  escape          1   71[BANK0 ] unsigned char 
 Return value:  Size  Location     Type
                  1    wreg      void 
 Registers used:
		wreg, fsr0l, fsr0h, fsr1l, fsr1h, status,2, status,0, pclath, cstack
 Tracked objects:
		On entry : 
		On exit  : 
		Unchanged: 
 Data sizes:     COMMON   BANK0   BANK1   BANK2   BANK3   BANK4   BANK5   BANK6
      Params:         0       0       0       0       0       0       0       0
      Locals:         0       6       0       0       0       0       0       0
      Temps:          0       3       0       0       0       0       0       0
      Totals:         0       9       0       0       0       0       0       0
Total ram usage:        9 bytes
 Hardware stack levels required when called:    4
 This function calls:
		_SYSTEM_Initialize
		___ftdiv
		___ftge
		___ftmul
		___lwtoft
		_printf
 This function is called by:
		Startup code after reset
 This function uses a non-reentrant model


 *************** function _printf *****************
 Defined at:
		line 464 in file "/Applications/microchip/xc8/v1.38/sources/common/doprnt.c"
 Parameters:    Size  Location     Type
  f               2   57[BANK0 ] PTR const unsigned char 
		 -> STR_2(23), STR_1(3), 
 Auto vars:     Size  Location     Type
  tmpval          4   13[BANK1 ] struct .
  val             4    7[BANK1 ] unsigned long 
  fval            3   21[BANK1 ] unsigned long 
  prec            2   24[BANK1 ] int 
  width           2   19[BANK1 ] int 
  exp             2   17[BANK1 ] int 
  flag            2   11[BANK1 ] unsigned short 
  len             2    5[BANK1 ] unsigned int 
  c               1   26[BANK1 ] char 
  ap              1    4[BANK1 ] PTR void [1]
		 -> ?_printf(2), 
  cp              1    3[BANK1 ] PTR const unsigned char 
		 -> printf@c(1), 
  d               1    0        unsigned char 
 Return value:  Size  Location     Type
                  2   57[BANK0 ] int 
 Registers used:
		wreg, fsr0l, fsr0h, fsr1l, fsr1h, status,2, status,0, pclath, cstack
 Tracked objects:
		On entry : 
		On exit  : 
		Unchanged: 
 Data sizes:     COMMON   BANK0   BANK1   BANK2   BANK3   BANK4   BANK5   BANK6
      Params:         0       5       0       0       0       0       0       0
      Locals:         0       0      27       0       0       0       0       0
      Temps:          0       6       0       0       0       0       0       0
      Totals:         0      11      27       0       0       0       0       0
Total ram usage:       38 bytes
 Hardware stack levels used:    1
 Hardware stack levels required when called:    3
 This function calls:
		___awdiv
		___ftadd
		___ftge
		___ftmul
		___ftneg
		___ftsub
		___fttol
		___lldiv
		___llmod
		___lltoft
		___wmul
		__div_to_l_
		__tdiv_to_l_
		_fround
		_isdigit
		_putch
		_scale
 This function is called by:
		_main
 This function uses a non-reentrant model


 *************** function _scale *****************
 Defined at:
		line 425 in file "/Applications/microchip/xc8/v1.38/sources/common/doprnt.c"
 Parameters:    Size  Location     Type
  scl             1    wreg     char 
 Auto vars:     Size  Location     Type
  scl             1   32[BANK0 ] char 
 Return value:  Size  Location     Type
                  3   24[BANK0 ] char 
 Registers used:
		wreg, fsr0l, fsr0h, status,2, status,0, pclath, cstack
 Tracked objects:
		On entry : 
		On exit  : 
		Unchanged: 
 Data sizes:     COMMON   BANK0   BANK1   BANK2   BANK3   BANK4   BANK5   BANK6
      Params:         0       3       0       0       0       0       0       0
      Locals:         0       4       0       0       0       0       0       0
      Temps:          0       2       0       0       0       0       0       0
      Totals:         0       9       0       0       0       0       0       0
Total ram usage:        9 bytes
 Hardware stack levels used:    1
 Hardware stack levels required when called:    2
 This function calls:
		___awdiv
		___awmod
		___ftmul
		___wmul
 This function is called by:
		_printf
 This function uses a non-reentrant model


 *************** function _putch *****************
 Defined at:
		line 111 in file "mcc_generated_files/eusart.c"
 Parameters:    Size  Location     Type
  txData          1    wreg     unsigned char 
 Auto vars:     Size  Location     Type
  txData          1    1[COMMON] unsigned char 
 Return value:  Size  Location     Type
                  1    wreg      void 
 Registers used:
		wreg, status,2, status,0, pclath, cstack
 Tracked objects:
		On entry : 
		On exit  : 
		Unchanged: 
 Data sizes:     COMMON   BANK0   BANK1   BANK2   BANK3   BANK4   BANK5   BANK6
      Params:         0       0       0       0       0       0       0       0
      Locals:         1       0       0       0       0       0       0       0
      Temps:          0       0       0       0       0       0       0       0
      Totals:         1       0       0       0       0       0       0       0
Total ram usage:        1 bytes
 Hardware stack levels used:    1
 Hardware stack levels required when called:    1
 This function calls:
		_EUSART_Write
 This function is called by:
		_printf
 This function uses a non-reentrant model


 *************** function _EUSART_Write *****************
 Defined at:
		line 97 in file "mcc_generated_files/eusart.c"
 Parameters:    Size  Location     Type
  txData          1    wreg     unsigned char 
 Auto vars:     Size  Location     Type
  txData          1    0[COMMON] unsigned char 
 Return value:  Size  Location     Type
                  1    wreg      void 
 Registers used:
		wreg
 Tracked objects:
		On entry : 
		On exit  : 
		Unchanged: 
 Data sizes:     COMMON   BANK0   BANK1   BANK2   BANK3   BANK4   BANK5   BANK6
      Params:         0       0       0       0       0       0       0       0
      Locals:         1       0       0       0       0       0       0       0
      Temps:          0       0       0       0       0       0       0       0
      Totals:         1       0       0       0       0       0       0       0
Total ram usage:        1 bytes
 Hardware stack levels used:    1
 This function calls:
		Nothing
 This function is called by:
		_putch
 This function uses a non-reentrant model


 *************** function _isdigit *****************
 Defined at:
		line 8 in file "/Applications/microchip/xc8/v1.38/sources/common/isdigit.c"
 Parameters:    Size  Location     Type
  c               1    wreg     unsigned char 
 Auto vars:     Size  Location     Type
  c               1    1[COMMON] unsigned char 
 Return value:  Size  Location     Type
		None               void
 Registers used:
		wreg, status,2, status,0
 Tracked objects:
		On entry : 
		On exit  : 
		Unchanged: 
 Data sizes:     COMMON   BANK0   BANK1   BANK2   BANK3   BANK4   BANK5   BANK6
      Params:         0       0       0       0       0       0       0       0
      Locals:         2       0       0       0       0       0       0       0
      Temps:          0       0       0       0       0       0       0       0
      Totals:         2       0       0       0       0       0       0       0
Total ram usage:        2 bytes
 Hardware stack levels used:    1
 This function calls:
		Nothing
 This function is called by:
		_printf
 This function uses a non-reentrant model


 *************** function _fround *****************
 Defined at:
		line 409 in file "/Applications/microchip/xc8/v1.38/sources/common/doprnt.c"
 Parameters:    Size  Location     Type
  prec            1    wreg     unsigned char 
 Auto vars:     Size  Location     Type
  prec            1   37[BANK0 ] unsigned char 
 Return value:  Size  Location     Type
                  3   24[BANK0 ] unsigned char 
 Registers used:
		wreg, fsr0l, fsr0h, status,2, status,0, pclath, cstack
 Tracked objects:
		On entry : 
		On exit  : 
		Unchanged: 
 Data sizes:     COMMON   BANK0   BANK1   BANK2   BANK3   BANK4   BANK5   BANK6
      Params:         0       3       0       0       0       0       0       0
      Locals:         0       7       0       0       0       0       0       0
      Temps:          0       4       0       0       0       0       0       0
      Totals:         0      14       0       0       0       0       0       0
Total ram usage:       14 bytes
 Hardware stack levels used:    1
 Hardware stack levels required when called:    2
 This function calls:
		___awdiv
		___awmod
		___ftmul
		___wmul
 This function is called by:
		_printf
 This function uses a non-reentrant model


 *************** function ___wmul *****************
 Defined at:
		line 15 in file "/Applications/microchip/xc8/v1.38/sources/common/Umul16.c"
 Parameters:    Size  Location     Type
  multiplier      2    4[BANK0 ] unsigned int 
  multiplicand    2    6[BANK0 ] unsigned int 
 Auto vars:     Size  Location     Type
  product         2   12[COMMON] unsigned int 
 Return value:  Size  Location     Type
                  2    4[BANK0 ] unsigned int 
 Registers used:
		wreg, status,2, status,0
 Tracked objects:
		On entry : 
		On exit  : 
		Unchanged: 
 Data sizes:     COMMON   BANK0   BANK1   BANK2   BANK3   BANK4   BANK5   BANK6
      Params:         0       4       0       0       0       0       0       0
      Locals:         2       0       0       0       0       0       0       0
      Temps:          0       0       0       0       0       0       0       0
      Totals:         2       4       0       0       0       0       0       0
Total ram usage:        6 bytes
 Hardware stack levels used:    1
 This function calls:
		Nothing
 This function is called by:
		_fround
		_scale
		_printf
 This function uses a non-reentrant model


 *************** function ___ftmul *****************
 Defined at:
		line 62 in file "/Applications/microchip/xc8/v1.38/sources/common/ftmul.c"
 Parameters:    Size  Location     Type
  f1              3    8[BANK0 ] float 
  f2              3   11[BANK0 ] float 
 Auto vars:     Size  Location     Type
  f3_as_produc    3   19[BANK0 ] unsigned um
  sign            1   23[BANK0 ] unsigned char 
  cntr            1   22[BANK0 ] unsigned char 
  exp             1   18[BANK0 ] unsigned char 
 Return value:  Size  Location     Type
                  3    8[BANK0 ] float 
 Registers used:
		wreg, status,2, status,0, pclath, cstack
 Tracked objects:
		On entry : 
		On exit  : 
		Unchanged: 
 Data sizes:     COMMON   BANK0   BANK1   BANK2   BANK3   BANK4   BANK5   BANK6
      Params:         0       6       0       0       0       0       0       0
      Locals:         0       6       0       0       0       0       0       0
      Temps:          0       4       0       0       0       0       0       0
      Totals:         0      16       0       0       0       0       0       0
Total ram usage:       16 bytes
 Hardware stack levels used:    1
 Hardware stack levels required when called:    1
 This function calls:
		___ftpack
 This function is called by:
		_main
		_fround
		_scale
		_printf
 This function uses a non-reentrant model


 *************** function ___awmod *****************
 Defined at:
		line 6 in file "/Applications/microchip/xc8/v1.38/sources/common/awmod.c"
 Parameters:    Size  Location     Type
  divisor         2    0[COMMON] int 
  dividend        2    2[COMMON] int 
 Auto vars:     Size  Location     Type
  sign            1    6[COMMON] unsigned char 
  counter         1    5[COMMON] unsigned char 
 Return value:  Size  Location     Type
                  2    0[COMMON] int 
 Registers used:
		wreg, status,2, status,0
 Tracked objects:
		On entry : 
		On exit  : 
		Unchanged: 
 Data sizes:     COMMON   BANK0   BANK1   BANK2   BANK3   BANK4   BANK5   BANK6
      Params:         4       0       0       0       0       0       0       0
      Locals:         2       0       0       0       0       0       0       0
      Temps:          1       0       0       0       0       0       0       0
      Totals:         7       0       0       0       0       0       0       0
Total ram usage:        7 bytes
 Hardware stack levels used:    1
 This function calls:
		Nothing
 This function is called by:
		_fround
		_scale
 This function uses a non-reentrant model


 *************** function ___awdiv *****************
 Defined at:
		line 6 in file "/Applications/microchip/xc8/v1.38/sources/common/awdiv.c"
 Parameters:    Size  Location     Type
  divisor         2    7[COMMON] int 
  dividend        2    9[COMMON] int 
 Auto vars:     Size  Location     Type
  quotient        2    2[BANK0 ] int 
  sign            1    1[BANK0 ] unsigned char 
  counter         1    0[BANK0 ] unsigned char 
 Return value:  Size  Location     Type
                  2    7[COMMON] int 
 Registers used:
		wreg, status,2, status,0
 Tracked objects:
		On entry : 
		On exit  : 
		Unchanged: 
 Data sizes:     COMMON   BANK0   BANK1   BANK2   BANK3   BANK4   BANK5   BANK6
      Params:         4       0       0       0       0       0       0       0
      Locals:         0       4       0       0       0       0       0       0
      Temps:          1       0       0       0       0       0       0       0
      Totals:         5       4       0       0       0       0       0       0
Total ram usage:        9 bytes
 Hardware stack levels used:    1
 This function calls:
		Nothing
 This function is called by:
		_fround
		_scale
		_printf
 This function uses a non-reentrant model


 *************** function __tdiv_to_l_ *****************
 Defined at:
		line 60 in file "/Applications/microchip/xc8/v1.38/sources/common/ftdivl.c"
 Parameters:    Size  Location     Type
  f1              3    0[COMMON] float 
  f2              3    3[COMMON] float 
 Auto vars:     Size  Location     Type
  quot            4    0[BANK0 ] unsigned long 
  exp1            1    5[BANK0 ] unsigned char 
  cntr            1    4[BANK0 ] unsigned char 
 Return value:  Size  Location     Type
                  4    0[COMMON] unsigned long 
 Registers used:
		wreg, status,2, status,0
 Tracked objects:
		On entry : 
		On exit  : 
		Unchanged: 
 Data sizes:     COMMON   BANK0   BANK1   BANK2   BANK3   BANK4   BANK5   BANK6
      Params:         6       0       0       0       0       0       0       0
      Locals:         0       6       0       0       0       0       0       0
      Temps:          4       0       0       0       0       0       0       0
      Totals:        10       6       0       0       0       0       0       0
Total ram usage:       16 bytes
 Hardware stack levels used:    1
 This function calls:
		Nothing
 This function is called by:
		_printf
 This function uses a non-reentrant model


 *************** function __div_to_l_ *****************
 Defined at:
		line 60 in file "/Applications/microchip/xc8/v1.38/sources/common/fldivl.c"
 Parameters:    Size  Location     Type
  f1              3    0[COMMON] unsigned long 
  f2              3    3[COMMON] unsigned long 
 Auto vars:     Size  Location     Type
  quot            4    0[BANK0 ] unsigned long 
  exp1            1    5[BANK0 ] unsigned char 
  cntr            1    4[BANK0 ] unsigned char 
 Return value:  Size  Location     Type
                  4    0[COMMON] unsigned long 
 Registers used:
		wreg, fsr1l, fsr1h, status,2, status,0
 Tracked objects:
		On entry : 
		On exit  : 
		Unchanged: 
 Data sizes:     COMMON   BANK0   BANK1   BANK2   BANK3   BANK4   BANK5   BANK6
      Params:         6       0       0       0       0       0       0       0
      Locals:         0       6       0       0       0       0       0       0
      Temps:          8       0       0       0       0       0       0       0
      Totals:        14       6       0       0       0       0       0       0
Total ram usage:       20 bytes
 Hardware stack levels used:    1
 This function calls:
		Nothing
 This function is called by:
		_printf
 This function uses a non-reentrant model


 *************** function ___lltoft *****************
 Defined at:
		line 35 in file "/Applications/microchip/xc8/v1.38/sources/common/lltoft.c"
 Parameters:    Size  Location     Type
  c               4    8[COMMON] unsigned long 
 Auto vars:     Size  Location     Type
  exp             1   13[COMMON] unsigned char 
 Return value:  Size  Location     Type
                  3    8[COMMON] float 
 Registers used:
		wreg, status,2, status,0, pclath, cstack
 Tracked objects:
		On entry : 
		On exit  : 
		Unchanged: 
 Data sizes:     COMMON   BANK0   BANK1   BANK2   BANK3   BANK4   BANK5   BANK6
      Params:         4       0       0       0       0       0       0       0
      Locals:         1       0       0       0       0       0       0       0
      Temps:          1       0       0       0       0       0       0       0
      Totals:         6       0       0       0       0       0       0       0
Total ram usage:        6 bytes
 Hardware stack levels used:    1
 Hardware stack levels required when called:    1
 This function calls:
		___ftpack
 This function is called by:
		_printf
 This function uses a non-reentrant model


 *************** function ___llmod *****************
 Defined at:
		line 6 in file "/Applications/microchip/xc8/v1.38/sources/common/llmod.c"
 Parameters:    Size  Location     Type
  divisor         4    0[COMMON] unsigned long 
  dividend        4    4[COMMON] unsigned long 
 Auto vars:     Size  Location     Type
  counter         1    9[COMMON] unsigned char 
 Return value:  Size  Location     Type
                  4    0[COMMON] unsigned long 
 Registers used:
		wreg, status,2, status,0
 Tracked objects:
		On entry : 
		On exit  : 
		Unchanged: 
 Data sizes:     COMMON   BANK0   BANK1   BANK2   BANK3   BANK4   BANK5   BANK6
      Params:         8       0       0       0       0       0       0       0
      Locals:         1       0       0       0       0       0       0       0
      Temps:          1       0       0       0       0       0       0       0
      Totals:        10       0       0       0       0       0       0       0
Total ram usage:       10 bytes
 Hardware stack levels used:    1
 This function calls:
		Nothing
 This function is called by:
		_printf
 This function uses a non-reentrant model


 *************** function ___lldiv *****************
 Defined at:
		line 6 in file "/Applications/microchip/xc8/v1.38/sources/common/lldiv.c"
 Parameters:    Size  Location     Type
  divisor         4    0[COMMON] unsigned long 
  dividend        4    4[COMMON] unsigned long 
 Auto vars:     Size  Location     Type
  quotient        4    9[COMMON] unsigned long 
  counter         1   13[COMMON] unsigned char 
 Return value:  Size  Location     Type
                  4    0[COMMON] unsigned long 
 Registers used:
		wreg, status,2, status,0
 Tracked objects:
		On entry : 
		On exit  : 
		Unchanged: 
 Data sizes:     COMMON   BANK0   BANK1   BANK2   BANK3   BANK4   BANK5   BANK6
      Params:         8       0       0       0       0       0       0       0
      Locals:         5       0       0       0       0       0       0       0
      Temps:          1       0       0       0       0       0       0       0
      Totals:        14       0       0       0       0       0       0       0
Total ram usage:       14 bytes
 Hardware stack levels used:    1
 This function calls:
		Nothing
 This function is called by:
		_printf
 This function uses a non-reentrant model


 *************** function ___fttol *****************
 Defined at:
		line 44 in file "/Applications/microchip/xc8/v1.38/sources/common/fttol.c"
 Parameters:    Size  Location     Type
  f1              3   33[BANK0 ] float 
 Auto vars:     Size  Location     Type
  lval            4   42[BANK0 ] unsigned long 
  exp1            1   46[BANK0 ] unsigned char 
  sign1           1   41[BANK0 ] unsigned char 
 Return value:  Size  Location     Type
                  4   33[BANK0 ] long 
 Registers used:
		wreg, status,2, status,0
 Tracked objects:
		On entry : 
		On exit  : 
		Unchanged: 
 Data sizes:     COMMON   BANK0   BANK1   BANK2   BANK3   BANK4   BANK5   BANK6
      Params:         0       4       0       0       0       0       0       0
      Locals:         0       6       0       0       0       0       0       0
      Temps:          0       4       0       0       0       0       0       0
      Totals:         0      14       0       0       0       0       0       0
Total ram usage:       14 bytes
 Hardware stack levels used:    1
 This function calls:
		Nothing
 This function is called by:
		_printf
 This function uses a non-reentrant model


 *************** function ___ftsub *****************
 Defined at:
		line 18 in file "/Applications/microchip/xc8/v1.38/sources/common/ftsub.c"
 Parameters:    Size  Location     Type
  f2              3   51[BANK0 ] float 
  f1              3   54[BANK0 ] float 
 Auto vars:     Size  Location     Type
		None
 Return value:  Size  Location     Type
                  3   51[BANK0 ] float 
 Registers used:
		wreg, status,2, status,0, pclath, cstack
 Tracked objects:
		On entry : 
		On exit  : 
		Unchanged: 
 Data sizes:     COMMON   BANK0   BANK1   BANK2   BANK3   BANK4   BANK5   BANK6
      Params:         0       6       0       0       0       0       0       0
      Locals:         0       0       0       0       0       0       0       0
      Temps:          0       0       0       0       0       0       0       0
      Totals:         0       6       0       0       0       0       0       0
Total ram usage:        6 bytes
 Hardware stack levels used:    1
 Hardware stack levels required when called:    2
 This function calls:
		___ftadd
 This function is called by:
		_printf
 This function uses a non-reentrant model


 *************** function ___ftadd *****************
 Defined at:
		line 86 in file "/Applications/microchip/xc8/v1.38/sources/common/ftadd.c"
 Parameters:    Size  Location     Type
  f1              3   38[BANK0 ] float 
  f2              3   41[BANK0 ] float 
 Auto vars:     Size  Location     Type
  exp1            1   50[BANK0 ] unsigned char 
  exp2            1   49[BANK0 ] unsigned char 
  sign            1   48[BANK0 ] unsigned char 
 Return value:  Size  Location     Type
                  3   38[BANK0 ] float 
 Registers used:
		wreg, status,2, status,0, pclath, cstack
 Tracked objects:
		On entry : 
		On exit  : 
		Unchanged: 
 Data sizes:     COMMON   BANK0   BANK1   BANK2   BANK3   BANK4   BANK5   BANK6
      Params:         0       6       0       0       0       0       0       0
      Locals:         0       3       0       0       0       0       0       0
      Temps:          0       4       0       0       0       0       0       0
      Totals:         0      13       0       0       0       0       0       0
Total ram usage:       13 bytes
 Hardware stack levels used:    1
 Hardware stack levels required when called:    1
 This function calls:
		___ftpack
 This function is called by:
		_printf
		___ftsub
 This function uses a non-reentrant model


 *************** function ___ftneg *****************
 Defined at:
		line 15 in file "/Applications/microchip/xc8/v1.38/sources/common/ftneg.c"
 Parameters:    Size  Location     Type
  f1              3    0[COMMON] float 
 Auto vars:     Size  Location     Type
		None
 Return value:  Size  Location     Type
                  3    0[COMMON] float 
 Registers used:
		wreg
 Tracked objects:
		On entry : 
		On exit  : 
		Unchanged: 
 Data sizes:     COMMON   BANK0   BANK1   BANK2   BANK3   BANK4   BANK5   BANK6
      Params:         3       0       0       0       0       0       0       0
      Locals:         0       0       0       0       0       0       0       0
      Temps:          0       0       0       0       0       0       0       0
      Totals:         3       0       0       0       0       0       0       0
Total ram usage:        3 bytes
 Hardware stack levels used:    1
 This function calls:
		Nothing
 This function is called by:
		_printf
 This function uses a non-reentrant model


 *************** function ___ftge *****************
 Defined at:
		line 4 in file "/Applications/microchip/xc8/v1.38/sources/common/ftge.c"
 Parameters:    Size  Location     Type
  ff1             3    0[COMMON] float 
  ff2             3    3[COMMON] float 
 Auto vars:     Size  Location     Type
		None
 Return value:  Size  Location     Type
		None               void
 Registers used:
		wreg, status,2, status,0
 Tracked objects:
		On entry : 
		On exit  : 
		Unchanged: 
 Data sizes:     COMMON   BANK0   BANK1   BANK2   BANK3   BANK4   BANK5   BANK6
      Params:         6       0       0       0       0       0       0       0
      Locals:         0       0       0       0       0       0       0       0
      Temps:          3       0       0       0       0       0       0       0
      Totals:         9       0       0       0       0       0       0       0
Total ram usage:        9 bytes
 Hardware stack levels used:    1
 This function calls:
		Nothing
 This function is called by:
		_main
		_printf
 This function uses a non-reentrant model


 *************** function ___lwtoft *****************
 Defined at:
		line 28 in file "/Applications/microchip/xc8/v1.38/sources/common/lwtoft.c"
 Parameters:    Size  Location     Type
  c               2    8[COMMON] unsigned int 
 Auto vars:     Size  Location     Type
		None
 Return value:  Size  Location     Type
                  3    8[COMMON] float 
 Registers used:
		wreg, status,2, status,0, pclath, cstack
 Tracked objects:
		On entry : 
		On exit  : 
		Unchanged: 
 Data sizes:     COMMON   BANK0   BANK1   BANK2   BANK3   BANK4   BANK5   BANK6
      Params:         3       0       0       0       0       0       0       0
      Locals:         0       0       0       0       0       0       0       0
      Temps:          1       0       0       0       0       0       0       0
      Totals:         4       0       0       0       0       0       0       0
Total ram usage:        4 bytes
 Hardware stack levels used:    1
 Hardware stack levels required when called:    1
 This function calls:
		___ftpack
 This function is called by:
		_main
 This function uses a non-reentrant model


 *************** function ___ftdiv *****************
 Defined at:
		line 56 in file "/Applications/microchip/xc8/v1.38/sources/common/ftdiv.c"
 Parameters:    Size  Location     Type
  f2              3   24[BANK0 ] float 
  f1              3   27[BANK0 ] float 
 Auto vars:     Size  Location     Type
  f3              3   35[BANK0 ] float 
  sign            1   39[BANK0 ] unsigned char 
  exp             1   38[BANK0 ] unsigned char 
  cntr            1   34[BANK0 ] unsigned char 
 Return value:  Size  Location     Type
                  3   24[BANK0 ] float 
 Registers used:
		wreg, status,2, status,0, pclath, cstack
 Tracked objects:
		On entry : 
		On exit  : 
		Unchanged: 
 Data sizes:     COMMON   BANK0   BANK1   BANK2   BANK3   BANK4   BANK5   BANK6
      Params:         0       6       0       0       0       0       0       0
      Locals:         0       6       0       0       0       0       0       0
      Temps:          0       4       0       0       0       0       0       0
      Totals:         0      16       0       0       0       0       0       0
Total ram usage:       16 bytes
 Hardware stack levels used:    1
 Hardware stack levels required when called:    1
 This function calls:
		___ftpack
 This function is called by:
		_main
 This function uses a non-reentrant model


 *************** function ___ftpack *****************
 Defined at:
		line 62 in file "/Applications/microchip/xc8/v1.38/sources/common/float.c"
 Parameters:    Size  Location     Type
  arg             3    0[COMMON] unsigned um
  exp             1    3[COMMON] unsigned char 
  sign            1    4[COMMON] unsigned char 
 Auto vars:     Size  Location     Type
		None
 Return value:  Size  Location     Type
                  3    0[COMMON] float 
 Registers used:
		wreg, status,2, status,0
 Tracked objects:
		On entry : 
		On exit  : 
		Unchanged: 
 Data sizes:     COMMON   BANK0   BANK1   BANK2   BANK3   BANK4   BANK5   BANK6
      Params:         5       0       0       0       0       0       0       0
      Locals:         0       0       0       0       0       0       0       0
      Temps:          3       0       0       0       0       0       0       0
      Totals:         8       0       0       0       0       0       0       0
Total ram usage:        8 bytes
 Hardware stack levels used:    1
 This function calls:
		Nothing
 This function is called by:
		___ftadd
		___ftdiv
		___ftmul
		___lltoft
		___lwtoft
 This function uses a non-reentrant model


 *************** function _SYSTEM_Initialize *****************
 Defined at:
		line 70 in file "mcc_generated_files/mcc.c"
 Parameters:    Size  Location     Type
		None
 Auto vars:     Size  Location     Type
		None
 Return value:  Size  Location     Type
                  1    wreg      void 
 Registers used:
		wreg, status,2, status,0, pclath, cstack
 Tracked objects:
		On entry : 
		On exit  : 
		Unchanged: 
 Data sizes:     COMMON   BANK0   BANK1   BANK2   BANK3   BANK4   BANK5   BANK6
      Params:         0       0       0       0       0       0       0       0
      Locals:         0       0       0       0       0       0       0       0
      Temps:          0       0       0       0       0       0       0       0
      Totals:         0       0       0       0       0       0       0       0
Total ram usage:        0 bytes
 Hardware stack levels used:    1
 Hardware stack levels required when called:    1
 This function calls:
		_EUSART_Initialize
		_OSCILLATOR_Initialize
		_PIN_MANAGER_Initialize
 This function is called by:
		_main
 This function uses a non-reentrant model


 *************** function _PIN_MANAGER_Initialize *****************
 Defined at:
		line 49 in file "mcc_generated_files/pin_manager.c"
 Parameters:    Size  Location     Type
		None
 Auto vars:     Size  Location     Type
		None
 Return value:  Size  Location     Type
                  1    wreg      void 
 Registers used:
		wreg, status,2
 Tracked objects:
		On entry : 
		On exit  : 
		Unchanged: 
 Data sizes:     COMMON   BANK0   BANK1   BANK2   BANK3   BANK4   BANK5   BANK6
      Params:         0       0       0       0       0       0       0       0
      Locals:         0       0       0       0       0       0       0       0
      Temps:          0       0       0       0       0       0       0       0
      Totals:         0       0       0       0       0       0       0       0
Total ram usage:        0 bytes
 Hardware stack levels used:    1
 This function calls:
		Nothing
 This function is called by:
		_SYSTEM_Initialize
 This function uses a non-reentrant model


 *************** function _OSCILLATOR_Initialize *****************
 Defined at:
		line 78 in file "mcc_generated_files/mcc.c"
 Parameters:    Size  Location     Type
		None
 Auto vars:     Size  Location     Type
		None
 Return value:  Size  Location     Type
                  1    wreg      void 
 Registers used:
		wreg, status,2
 Tracked objects:
		On entry : 
		On exit  : 
		Unchanged: 
 Data sizes:     COMMON   BANK0   BANK1   BANK2   BANK3   BANK4   BANK5   BANK6
      Params:         0       0       0       0       0       0       0       0
      Locals:         0       0       0       0       0       0       0       0
      Temps:          0       0       0       0       0       0       0       0
      Totals:         0       0       0       0       0       0       0       0
Total ram usage:        0 bytes
 Hardware stack levels used:    1
 This function calls:
		Nothing
 This function is called by:
		_SYSTEM_Initialize
 This function uses a non-reentrant model


 *************** function _EUSART_Initialize *****************
 Defined at:
		line 55 in file "mcc_generated_files/eusart.c"
 Parameters:    Size  Location     Type
		None
 Auto vars:     Size  Location     Type
		None
 Return value:  Size  Location     Type
                  1    wreg      void 
 Registers used:
		wreg, status,2
 Tracked objects:
		On entry : 
		On exit  : 
		Unchanged: 
 Data sizes:     COMMON   BANK0   BANK1   BANK2   BANK3   BANK4   BANK5   BANK6
      Params:         0       0       0       0       0       0       0       0
      Locals:         0       0       0       0       0       0       0       0
      Temps:          0       0       0       0       0       0       0       0
      Totals:         0       0       0       0       0       0       0       0
Total ram usage:        0 bytes
 Hardware stack levels used:    1
 This function calls:
		Nothing
 This function is called by:
		_SYSTEM_Initialize
 This function uses a non-reentrant model



MODULE INFORMATION

Module		Function		Class		Link	Load	Size
/Applications/microchip/xc8/v1.38/sources/common/ftmul.c
		___ftmul       		CODE           	0986	0000	181

/Applications/microchip/xc8/v1.38/sources/common/ftmul.c estimated size: 181

/Applications/microchip/xc8/v1.38/sources/common/ftdiv.c
		___ftdiv       		CODE           	08DD	0000	170

/Applications/microchip/xc8/v1.38/sources/common/ftdiv.c estimated size: 170

/Applications/microchip/xc8/v1.38/sources/common/ftge.c
		___ftge        		CODE           	16EC	0000	60

/Applications/microchip/xc8/v1.38/sources/common/ftge.c estimated size: 60

/Applications/microchip/xc8/v1.38/sources/common/awdiv.c
		___awdiv       		CODE           	0804	0000	83

/Applications/microchip/xc8/v1.38/sources/common/awdiv.c estimated size: 83

/Applications/microchip/xc8/v1.38/sources/common/lldiv.c
		___lldiv       		CODE           	17AE	0000	83

/Applications/microchip/xc8/v1.38/sources/common/lldiv.c estimated size: 83

/Applications/microchip/xc8/v1.38/sources/common/ftdivl.c
		__tdiv_to_l_   		CODE           	0A3A	0000	183

/Applications/microchip/xc8/v1.38/sources/common/ftdivl.c estimated size: 183

/Applications/microchip/xc8/v1.38/sources/common/isdigit.c
		_isdigit       		CODE           	165E	0000	15

/Applications/microchip/xc8/v1.38/sources/common/isdigit.c estimated size: 15

/Applications/microchip/xc8/v1.38/sources/common/Umul16.c
		___wmul        		CODE           	0004	0000	29

/Applications/microchip/xc8/v1.38/sources/common/Umul16.c estimated size: 29

/Applications/microchip/xc8/v1.38/sources/common/fttol.c
		___fttol       		CODE           	0856	0000	136

/Applications/microchip/xc8/v1.38/sources/common/fttol.c estimated size: 136

mcc_generated_files/pin_manager.c
		_PIN_MANAGER_Initialize		CODE           	169D	0000	40

mcc_generated_files/pin_manager.c estimated size: 40

/Applications/microchip/xc8/v1.38/sources/common/ftadd.c
		___ftadd       		CODE           	0BA9	0000	247

/Applications/microchip/xc8/v1.38/sources/common/ftadd.c estimated size: 247

/Applications/microchip/xc8/v1.38/sources/common/fldivl.c
		__div_to_l_    		CODE           	0C9F	0000	286

/Applications/microchip/xc8/v1.38/sources/common/fldivl.c estimated size: 286

shared
		__powers_      		STRCODE        	104F	0000	40
		_dpowers       		STRCODE        	1000	0000	41
		__npowers_     		STRCODE        	1028	0000	40
		__initialization		CODE           	07FD	0000	1

shared estimated size: 122

/Applications/microchip/xc8/v1.38/sources/common/ftneg.c
		___ftneg       		CODE           	163A	0000	9

/Applications/microchip/xc8/v1.38/sources/common/ftneg.c estimated size: 9

mcc_generated_files/mcc.c
		_OSCILLATOR_Initialize		CODE           	1634	0000	7
		_SYSTEM_Initialize		CODE           	164A	0000	10

mcc_generated_files/mcc.c estimated size: 17

/Applications/microchip/xc8/v1.38/sources/common/ftsub.c
		___ftsub       		CODE           	167F	0000	31

/Applications/microchip/xc8/v1.38/sources/common/ftsub.c estimated size: 31

/Applications/microchip/xc8/v1.38/sources/common/float.c
		___ftpack      		CODE           	0020	0000	101

/Applications/microchip/xc8/v1.38/sources/common/float.c estimated size: 101

/Applications/microchip/xc8/v1.38/sources/common/awmod.c
		___awmod       		CODE           	1769	0000	70

/Applications/microchip/xc8/v1.38/sources/common/awmod.c estimated size: 70

/Applications/microchip/xc8/v1.38/sources/common/llmod.c
		___llmod       		CODE           	1727	0000	67

/Applications/microchip/xc8/v1.38/sources/common/llmod.c estimated size: 67

mcc_generated_files/eusart.c
		_putch         		CODE           	162F	0000	6
		_EUSART_Write  		CODE           	1642	0000	9
		_EUSART_Initialize		CODE           	1653	0000	12

mcc_generated_files/eusart.c estimated size: 27

main.c
		_main          		CODE           	0AF0	0000	186

main.c estimated size: 186

/Applications/microchip/xc8/v1.38/sources/common/doprnt.c
		_scale         		CODE           	0DBC	0000	581
		_printf        		CODE           	01E9	0000	1557
		_fround        		CODE           	0084	0000	358

/Applications/microchip/xc8/v1.38/sources/common/doprnt.c estimated size: 2496

/Applications/microchip/xc8/v1.38/sources/common/lwtoft.c
		___lwtoft      		CODE           	166C	0000	20

/Applications/microchip/xc8/v1.38/sources/common/lwtoft.c estimated size: 20

/Applications/microchip/xc8/v1.38/sources/common/lltoft.c
		___lltoft      		CODE           	16C4	0000	41

/Applications/microchip/xc8/v1.38/sources/common/lltoft.c estimated size: 41

